
Running 35 tests using 1 worker

[1A[2K(node:38500) Warning: The 'NO_COLOR' env is ignored due to the 'FORCE_COLOR' env being set.
(Use `node --trace-warnings ...` to show where the warning was created)


[1A[2K(node:38500) Warning: The 'NO_COLOR' env is ignored due to the 'FORCE_COLOR' env being set.
(Use `node --trace-warnings ...` to show where the warning was created)


[1A[2K[1/35] [storybook-chromium] › tests/e2e/storybook/ScannerActionCodes.spec.ts:30:5 › action QR payloads and taps share semantics; command then fixture continues without Resume
[1A[2K[2/35] [storybook-chromium] › tests/e2e/storybook/ScannerActionCodes.spec.ts:50:5 › partial interruption and dialogs still need explicit Resume and discarded recovery boundary
[1A[2K[3/35] [storybook-chromium] › tests/e2e/storybook/ScannerActionCodes.spec.ts:77:13 › actual rendered QR decode, quiet geometry and usable controls 1280x720 text1
[1A[2K[4/35] [storybook-chromium] › tests/e2e/storybook/ScannerActionCodes.spec.ts:77:13 › actual rendered QR decode, quiet geometry and usable controls 1280x720 text1.25
[1A[2K[5/35] [storybook-chromium] › tests/e2e/storybook/ScannerActionCodes.spec.ts:77:13 › actual rendered QR decode, quiet geometry and usable controls 820x900 text1
[1A[2K[6/35] [storybook-chromium] › tests/e2e/storybook/ScannerActionCodes.spec.ts:77:13 › actual rendered QR decode, quiet geometry and usable controls 820x900 text1.25
[1A[2K[7/35] [storybook-chromium] › tests/e2e/storybook/ScannerActionCodes.spec.ts:77:13 › actual rendered QR decode, quiet geometry and usable controls 390x844 text1
[1A[2K[8/35] [storybook-chromium] › tests/e2e/storybook/ScannerActionCodes.spec.ts:77:13 › actual rendered QR decode, quiet geometry and usable controls 390x844 text1.25
[1A[2K[9/35] [storybook-chromium] › tests/e2e/storybook/ScannerActionCodes.spec.ts:77:13 › actual rendered QR decode, quiet geometry and usable controls 390x480 text1
[1A[2K[10/35] [storybook-chromium] › tests/e2e/storybook/ScannerActionCodes.spec.ts:77:13 › actual rendered QR decode, quiet geometry and usable controls 390x480 text1.25
[1A[2K[11/35] [storybook-chromium] › tests/e2e/storybook/ScannerActionCodes.spec.ts:146:5 › mobile capture opts out of text transformation and explains uppercase rejection without normalization
[1A[2K[12/35] [storybook-chromium] › tests/e2e/storybook/ScannerActionCodes.spec.ts:169:5 › fixed capture field keeps code browsing stable during keystrokes and never steals editing focus
[1A[2K  1) [storybook-chromium] › tests/e2e/storybook/ScannerActionCodes.spec.ts:169:5 › fixed capture field keeps code browsing stable during keystrokes and never steals editing focus 

    [31mTest timeout of 30000ms exceeded.[39m

    Error: locator.fill: Test timeout of 30000ms exceeded.
    Call log:
    [2m  - waiting for locator('#storybook-preview-iframe').contentFrame().getByRole('textbox', { name: 'Ordinary editing field', exact: true })[22m


      194 |     await f.getByText('Developer diagnostics', { exact: true }).click();
      195 |     const editor = f.getByRole('textbox', { name: 'Ordinary editing field', exact: true });
    > 196 |     await editor.fill('ordinary edit');
          |                  ^
      197 |     await expect(editor).toBeFocused();
      198 |     await expect(f.getByTestId('capture-state')).toHaveText('Paused');
      199 |     await expect(input).not.toBeFocused();
        at /Volumes/Expansion/workspace/inventory-scanner-iphone-repair/tests/e2e/storybook/ScannerActionCodes.spec.ts:196:18

    attachment #1: screenshot (image/png) ──────────────────────────────────────────────────────────
    test-results/storybook-ScannerActionCod-0e754--never-steals-editing-focus-storybook-chromium/test-failed-1.png
    ────────────────────────────────────────────────────────────────────────────────────────────────

    attachment #2: video (video/webm) ──────────────────────────────────────────────────────────────
    test-results/storybook-ScannerActionCod-0e754--never-steals-editing-focus-storybook-chromium/video.webm
    ────────────────────────────────────────────────────────────────────────────────────────────────

    Error Context: test-results/storybook-ScannerActionCod-0e754--never-steals-editing-focus-storybook-chromium/error-context.md


[1A[2K(node:38667) Warning: The 'NO_COLOR' env is ignored due to the 'FORCE_COLOR' env being set.
(Use `node --trace-warnings ...` to show where the warning was created)


[1A[2K(node:38667) Warning: The 'NO_COLOR' env is ignored due to the 'FORCE_COLOR' env being set.
(Use `node --trace-warnings ...` to show where the warning was created)


[1A[2K[13/35] [storybook-chromium] › tests/e2e/storybook/ScannerActionCodes.spec.ts:202:5 › raw rejected text is escaped and timeout recovery reason stays visible
[1A[2K[14/35] [storybook-chromium] › tests/e2e/storybook/ScannerFoundation.spec.ts:25:5 › scoped keyboard frames preserve repeats, paste provenance, invalid payloads and empty delimiters
[1A[2K[15/35] [storybook-chromium] › tests/e2e/storybook/ScannerFoundation.spec.ts:46:5 › clean-boundary pause resumes ready; partial timeout drains and never resolves the recovery read
[1A[2K[16/35] [storybook-chromium] › tests/e2e/storybook/ScannerFoundation.spec.ts:70:5 › ordinary input, IME, navigation, dialog, window blur and visibility never auto-rearm
[1A[2K[17/35] [storybook-chromium] › tests/e2e/storybook/ScannerFoundation.spec.ts:104:5 › out-of-order resolution, retry, cancellation and exit keep capture evidence and session boundaries
[1A[2K[18/35] [storybook-chromium] › tests/e2e/storybook/ScannerFoundation.spec.ts:137:5 › command and tap share semantic dispatcher, wrong kinds remain classified, capacity is explicit
[1A[2K[19/35] [storybook-chromium] › tests/e2e/storybook/ScannerFoundation.spec.ts:169:5 › page navigation never replays reads or resumes capture on browser return
[1A[2K[20/35] [storybook-chromium] › tests/e2e/storybook/ScannerFoundation.spec.ts:181:5 › nonterminating keys, modifiers and key repeat do not complete a frame
[1A[2K[21/35] [storybook-chromium] › tests/e2e/storybook/ScannerFoundation.spec.ts:203:5 › textarea and contenteditable focus pause capture while retaining ordinary editing
[1A[2K[22/35] [storybook-chromium] › tests/e2e/storybook/ScannerFoundation.spec.ts:228:5 › unknown identity, offline and timeout faults remain resolution failures without navigation or writes
[1A[2K[23/35] [storybook-chromium] › tests/e2e/storybook/ScannerFoundation.spec.ts:257:5 › full history retries the existing record; full pending queue visibly blocks until cancellation
[1A[2K[24/35] [storybook-chromium] › tests/e2e/storybook/ScannerFoundation.spec.ts:336:13 › manager proof has readable controls, scroll access and no overflow 1280x720 text 1
[1A[2K[25/35] [storybook-chromium] › tests/e2e/storybook/ScannerFoundation.spec.ts:336:13 › manager proof has readable controls, scroll access and no overflow 1280x720 text 1.25
[1A[2K[26/35] [storybook-chromium] › tests/e2e/storybook/ScannerFoundation.spec.ts:336:13 › manager proof has readable controls, scroll access and no overflow 820x900 text 1
[1A[2K[27/35] [storybook-chromium] › tests/e2e/storybook/ScannerFoundation.spec.ts:336:13 › manager proof has readable controls, scroll access and no overflow 820x900 text 1.25
[1A[2K[28/35] [storybook-chromium] › tests/e2e/storybook/ScannerFoundation.spec.ts:336:13 › manager proof has readable controls, scroll access and no overflow 390x844 text 1
[1A[2K[29/35] [storybook-chromium] › tests/e2e/storybook/ScannerFoundation.spec.ts:336:13 › manager proof has readable controls, scroll access and no overflow 390x844 text 1.25
[1A[2K[30/35] [storybook-chromium] › tests/e2e/storybook/ScannerFoundation.spec.ts:336:13 › manager proof has readable controls, scroll access and no overflow 390x480 text 1
[1A[2K[31/35] [storybook-chromium] › tests/e2e/storybook/ScannerFoundation.spec.ts:336:13 › manager proof has readable controls, scroll access and no overflow 390x480 text 1.25
[1A[2K[32/35] [storybook-chromium] › tests/e2e/storybook/ScannerFoundation.spec.ts:377:5 › same-input command cancels pending epoch and immediately captures next scan without a tap
[1A[2K[33/35] [storybook-chromium] › tests/e2e/storybook/ScannerFoundation.spec.ts:394:9 › live hidden context refuses a command even before lifecycle pause fires
[1A[2K[34/35] [storybook-chromium] › tests/e2e/storybook/ScannerFoundation.spec.ts:394:9 › live unfocused-document context refuses a command even before lifecycle pause fires
[1A[2K[35/35] [storybook-chromium] › tests/e2e/storybook/ScannerFoundation.spec.ts:394:9 › live dialog context refuses a command even before lifecycle pause fires
[1A[2K  1 failed
    [storybook-chromium] › tests/e2e/storybook/ScannerActionCodes.spec.ts:169:5 › fixed capture field keeps code browsing stable during keystrokes and never steals editing focus 
  34 passed (1.4m)
