TAP version 13
# Subtest: correlates DDP readiness with samples without retaining private payloads
ok 1 - correlates DDP readiness with samples without retaining private payloads
  ---
  duration_ms: 1.350334
  type: 'test'
  ...
# Subtest: bounds retained history, aliases and frames while keeping the latest failure state
ok 2 - bounds retained history, aliases and frames while keeping the latest failure state
  ---
  duration_ms: 3.2935
  type: 'test'
  ...
# Subtest: a stalled browser cannot hang failure capture, and the artifact reports incomplete sampling
ok 3 - a stalled browser cannot hang failure capture, and the artifact reports incomplete sampling
  ---
  duration_ms: 507.701584
  type: 'test'
  ...
# Subtest: caps socket observers and removes all listeners after capture
ok 4 - caps socket observers and removes all listeners after capture
  ---
  duration_ms: 1.42375
  type: 'test'
  ...
1..4
# tests 4
# suites 0
# pass 4
# fail 0
# cancelled 0
# skipped 0
# todo 0
# duration_ms 577.308916
