
Running 1 test using 1 worker

[1A[2K(node:82308) Warning: The 'NO_COLOR' env is ignored due to the 'FORCE_COLOR' env being set.
(Use `node --trace-warnings ...` to show where the warning was created)


[1A[2K(node:82308) Warning: The 'NO_COLOR' env is ignored due to the 'FORCE_COLOR' env being set.
(Use `node --trace-warnings ...` to show where the warning was created)


[1A[2K[1/1] [storybook-chromium] › tests/e2e/storybook/ToggleInvariants.spec.ts:195:9 › CSS-timed in-flight reversals preserve handle identity and destination ltr
[1A[2K  1) [storybook-chromium] › tests/e2e/storybook/ToggleInvariants.spec.ts:195:9 › CSS-timed in-flight reversals preserve handle identity and destination ltr 

    Error: elapsed-normalized continuous movement

    [2mexpect([22m[31mreceived[39m[2m).[22mtoBeLessThanOrEqual[2m([22m[32mexpected[39m[2m)[22m

    Expected: <= [32m0.2793706567652917[39m
    Received:    [31m0.650161148549663[39m

      316 |             const elapsed = b.t - a.t;
      317 |             // Full-rail travel and measured CSS time avoid fixed per-frame budgets on slow CI.
    > 318 |             expect(Math.abs(b.x - a.x) / travel, 'elapsed-normalized continuous movement').toBeLessThanOrEqual(
          |                                                                                            ^
      319 |                 (slope * elapsed) / result.duration + 0.025
      320 |             );
      321 |         }
        at /Volumes/Expansion/workspace/inventory-toggle-invariants/tests/e2e/storybook/ToggleInvariants.spec.ts:318:92

    attachment #2: screenshot (image/png) ──────────────────────────────────────────────────────────
    ../../../../private/tmp/toggle-negative-jump/storybook-ToggleInvariants-d53f2-dentity-and-destination-ltr-storybook-chromium/test-failed-1.png
    ────────────────────────────────────────────────────────────────────────────────────────────────

    attachment #3: video (video/webm) ──────────────────────────────────────────────────────────────
    ../../../../private/tmp/toggle-negative-jump/storybook-ToggleInvariants-d53f2-dentity-and-destination-ltr-storybook-chromium/video.webm
    ────────────────────────────────────────────────────────────────────────────────────────────────

    Error Context: ../../../../private/tmp/toggle-negative-jump/storybook-ToggleInvariants-d53f2-dentity-and-destination-ltr-storybook-chromium/error-context.md


[1A[2K  1 failed
    [storybook-chromium] › tests/e2e/storybook/ToggleInvariants.spec.ts:195:9 › CSS-timed in-flight reversals preserve handle identity and destination ltr 
