
Running 1 test using 1 worker

[1A[2K(node:82292) Warning: The 'NO_COLOR' env is ignored due to the 'FORCE_COLOR' env being set.
(Use `node --trace-warnings ...` to show where the warning was created)


[1A[2K(node:82292) Warning: The 'NO_COLOR' env is ignored due to the 'FORCE_COLOR' env being set.
(Use `node --trace-warnings ...` to show where the warning was created)


[1A[2K[1/1] [storybook-chromium] › tests/e2e/storybook/ToggleInvariants.spec.ts:195:9 › CSS-timed in-flight reversals preserve handle identity and destination ltr
[1A[2K  1) [storybook-chromium] › tests/e2e/storybook/ToggleInvariants.spec.ts:195:9 › CSS-timed in-flight reversals preserve handle identity and destination ltr 

    Error: one persistent slider node

    [2mexpect([22m[31mreceived[39m[2m).[22mtoBe[2m([22m[32mexpected[39m[2m) // Object.is equality[22m

    Expected: [32mtrue[39m
    Received: [31mfalse[39m

      287 |             result.samples.every((s) => s.sameNode),
      288 |             'one persistent slider node'
    > 289 |         ).toBe(true);
          |           ^
      290 |         if (requestFailure) throw requestFailure;
      291 |         expect(result.requests.map((r) => r.state)).toEqual(sequence);
      292 |         expect(
        at /Volumes/Expansion/workspace/inventory-toggle-invariants/tests/e2e/storybook/ToggleInvariants.spec.ts:289:11

    attachment #2: screenshot (image/png) ──────────────────────────────────────────────────────────
    ../../../../private/tmp/toggle-negative-remount/storybook-ToggleInvariants-d53f2-dentity-and-destination-ltr-storybook-chromium/test-failed-1.png
    ────────────────────────────────────────────────────────────────────────────────────────────────

    attachment #3: video (video/webm) ──────────────────────────────────────────────────────────────
    ../../../../private/tmp/toggle-negative-remount/storybook-ToggleInvariants-d53f2-dentity-and-destination-ltr-storybook-chromium/video.webm
    ────────────────────────────────────────────────────────────────────────────────────────────────

    Error Context: ../../../../private/tmp/toggle-negative-remount/storybook-ToggleInvariants-d53f2-dentity-and-destination-ltr-storybook-chromium/error-context.md


[1A[2K  1 failed
    [storybook-chromium] › tests/e2e/storybook/ToggleInvariants.spec.ts:195:9 › CSS-timed in-flight reversals preserve handle identity and destination ltr 
