
Running 32 tests using 1 worker

[1A[2K(node:18967) Warning: The 'NO_COLOR' env is ignored due to the 'FORCE_COLOR' env being set.
(Use `node --trace-warnings ...` to show where the warning was created)


[1A[2K(node:18967) Warning: The 'NO_COLOR' env is ignored due to the 'FORCE_COLOR' env being set.
(Use `node --trace-warnings ...` to show where the warning was created)


[1A[2K[1/32] [storybook-chromium] › tests/e2e/storybook/ScannerActionCodes.spec.ts:21:5 › action QR payloads and taps share semantics; command then fixture continues without Resume
[1A[2K[2/32] [storybook-chromium] › tests/e2e/storybook/ScannerActionCodes.spec.ts:41:5 › partial interruption and dialogs still need explicit Resume and discarded recovery boundary
[1A[2K[3/32] [storybook-chromium] › tests/e2e/storybook/ScannerActionCodes.spec.ts:58:9 › actual rendered QR decode, quiet geometry and usable controls 1280x720 text1
[1A[2K[4/32] [storybook-chromium] › tests/e2e/storybook/ScannerActionCodes.spec.ts:58:9 › actual rendered QR decode, quiet geometry and usable controls 1280x720 text1.25
[1A[2K[5/32] [storybook-chromium] › tests/e2e/storybook/ScannerActionCodes.spec.ts:58:9 › actual rendered QR decode, quiet geometry and usable controls 820x900 text1
[1A[2K  1) [storybook-chromium] › tests/e2e/storybook/ScannerActionCodes.spec.ts:58:9 › actual rendered QR decode, quiet geometry and usable controls 820x900 text1 

    Error: [2mexpect([22m[31mreceived[39m[2m).[22mtoEqual[2m([22m[32mexpected[39m[2m) // deep equality[22m

    [32m- Expected  - 3[39m
    [31m+ Received  + 3[39m

    [2m  Array [[22m
    [32m-   255,[39m
    [32m-   255,[39m
    [32m-   255,[39m
    [31m+   215,[39m
    [31m+   223,[39m
    [31m+   231,[39m
    [2m    255,[22m
    [2m  ][22m

      66 |             const {data,info}=await sharp(await img.screenshot()).ensureAlpha().raw().toBuffer({resolveWithObject:true});
      67 |             expect(jsQR(new Uint8ClampedArray(data),info.width,info.height)?.data).toBe(expected[i]);
    > 68 |             const edge=[0,info.width-1];for(const x of edge) for(let y=0;y<info.height;y++) expect([...data.subarray((y*info.width+x)*4,(y*info.width+x)*4+4)]).toEqual([255,255,255,255]);
         |                                                                                                                                                                 ^
      69 |         }
      70 |         for(const button of await f.getByRole('button').all()) if(await button.isVisible()) {
      71 |             await button.scrollIntoViewIfNeeded();const box=await button.boundingBox();expect(box?.height).toBeGreaterThanOrEqual(44);
        at /Volumes/Expansion/workspace/inventory-scanner-action-cards/tests/e2e/storybook/ScannerActionCodes.spec.ts:68:161

    attachment #1: screenshot (image/png) ──────────────────────────────────────────────────────────
    test-results/storybook-ScannerActionCod-db564-able-controls-820x900-text1-storybook-chromium/test-failed-1.png
    ────────────────────────────────────────────────────────────────────────────────────────────────

    attachment #2: video (video/webm) ──────────────────────────────────────────────────────────────
    test-results/storybook-ScannerActionCod-db564-able-controls-820x900-text1-storybook-chromium/video.webm
    ────────────────────────────────────────────────────────────────────────────────────────────────

    Error Context: test-results/storybook-ScannerActionCod-db564-able-controls-820x900-text1-storybook-chromium/error-context.md


[1A[2K(node:18984) Warning: The 'NO_COLOR' env is ignored due to the 'FORCE_COLOR' env being set.
(Use `node --trace-warnings ...` to show where the warning was created)


[1A[2K(node:18984) Warning: The 'NO_COLOR' env is ignored due to the 'FORCE_COLOR' env being set.
(Use `node --trace-warnings ...` to show where the warning was created)


[1A[2K[6/32] [storybook-chromium] › tests/e2e/storybook/ScannerActionCodes.spec.ts:58:9 › actual rendered QR decode, quiet geometry and usable controls 820x900 text1.25
[1A[2K[7/32] [storybook-chromium] › tests/e2e/storybook/ScannerActionCodes.spec.ts:58:9 › actual rendered QR decode, quiet geometry and usable controls 390x844 text1
[1A[2K  2) [storybook-chromium] › tests/e2e/storybook/ScannerActionCodes.spec.ts:58:9 › actual rendered QR decode, quiet geometry and usable controls 390x844 text1 

    Error: [2mexpect([22m[31mreceived[39m[2m).[22mtoBe[2m([22m[32mexpected[39m[2m) // Object.is equality[22m

    Expected: [32m"inventory-action:v1:inspect-demo"[39m
    Received: [31mundefined[39m

      65 |             const box=await img.boundingBox();expect(box?.width).toBe(224);expect(box?.height).toBe(224);
      66 |             const {data,info}=await sharp(await img.screenshot()).ensureAlpha().raw().toBuffer({resolveWithObject:true});
    > 67 |             expect(jsQR(new Uint8ClampedArray(data),info.width,info.height)?.data).toBe(expected[i]);
         |                                                                                    ^
      68 |             const edge=[0,info.width-1];for(const x of edge) for(let y=0;y<info.height;y++) expect([...data.subarray((y*info.width+x)*4,(y*info.width+x)*4+4)]).toEqual([255,255,255,255]);
      69 |         }
      70 |         for(const button of await f.getByRole('button').all()) if(await button.isVisible()) {
        at /Volumes/Expansion/workspace/inventory-scanner-action-cards/tests/e2e/storybook/ScannerActionCodes.spec.ts:67:84

    attachment #1: screenshot (image/png) ──────────────────────────────────────────────────────────
    test-results/storybook-ScannerActionCod-ac201-able-controls-390x844-text1-storybook-chromium/test-failed-1.png
    ────────────────────────────────────────────────────────────────────────────────────────────────

    attachment #2: video (video/webm) ──────────────────────────────────────────────────────────────
    test-results/storybook-ScannerActionCod-ac201-able-controls-390x844-text1-storybook-chromium/video.webm
    ────────────────────────────────────────────────────────────────────────────────────────────────

    Error Context: test-results/storybook-ScannerActionCod-ac201-able-controls-390x844-text1-storybook-chromium/error-context.md


[1A[2K(node:18994) Warning: The 'NO_COLOR' env is ignored due to the 'FORCE_COLOR' env being set.
(Use `node --trace-warnings ...` to show where the warning was created)


[1A[2K(node:18994) Warning: The 'NO_COLOR' env is ignored due to the 'FORCE_COLOR' env being set.
(Use `node --trace-warnings ...` to show where the warning was created)


[1A[2K[8/32] [storybook-chromium] › tests/e2e/storybook/ScannerActionCodes.spec.ts:58:9 › actual rendered QR decode, quiet geometry and usable controls 390x844 text1.25
[1A[2K  3) [storybook-chromium] › tests/e2e/storybook/ScannerActionCodes.spec.ts:58:9 › actual rendered QR decode, quiet geometry and usable controls 390x844 text1.25 

    Error: [2mexpect([22m[31mreceived[39m[2m).[22mtoEqual[2m([22m[32mexpected[39m[2m) // deep equality[22m

    [32m- Expected  - 3[39m
    [31m+ Received  + 3[39m

    [2m  Array [[22m
    [32m-   255,[39m
    [32m-   255,[39m
    [32m-   255,[39m
    [31m+   254,[39m
    [31m+   254,[39m
    [31m+   254,[39m
    [2m    255,[22m
    [2m  ][22m

      66 |             const {data,info}=await sharp(await img.screenshot()).ensureAlpha().raw().toBuffer({resolveWithObject:true});
      67 |             expect(jsQR(new Uint8ClampedArray(data),info.width,info.height)?.data).toBe(expected[i]);
    > 68 |             const edge=[0,info.width-1];for(const x of edge) for(let y=0;y<info.height;y++) expect([...data.subarray((y*info.width+x)*4,(y*info.width+x)*4+4)]).toEqual([255,255,255,255]);
         |                                                                                                                                                                 ^
      69 |         }
      70 |         for(const button of await f.getByRole('button').all()) if(await button.isVisible()) {
      71 |             await button.scrollIntoViewIfNeeded();const box=await button.boundingBox();expect(box?.height).toBeGreaterThanOrEqual(44);
        at /Volumes/Expansion/workspace/inventory-scanner-action-cards/tests/e2e/storybook/ScannerActionCodes.spec.ts:68:161

    attachment #1: screenshot (image/png) ──────────────────────────────────────────────────────────
    test-results/storybook-ScannerActionCod-34ed5-e-controls-390x844-text1-25-storybook-chromium/test-failed-1.png
    ────────────────────────────────────────────────────────────────────────────────────────────────

    attachment #2: video (video/webm) ──────────────────────────────────────────────────────────────
    test-results/storybook-ScannerActionCod-34ed5-e-controls-390x844-text1-25-storybook-chromium/video.webm
    ────────────────────────────────────────────────────────────────────────────────────────────────

    Error Context: test-results/storybook-ScannerActionCod-34ed5-e-controls-390x844-text1-25-storybook-chromium/error-context.md


[1A[2K(node:19000) Warning: The 'NO_COLOR' env is ignored due to the 'FORCE_COLOR' env being set.
(Use `node --trace-warnings ...` to show where the warning was created)


[1A[2K(node:19000) Warning: The 'NO_COLOR' env is ignored due to the 'FORCE_COLOR' env being set.
(Use `node --trace-warnings ...` to show where the warning was created)


[1A[2K[9/32] [storybook-chromium] › tests/e2e/storybook/ScannerActionCodes.spec.ts:58:9 › actual rendered QR decode, quiet geometry and usable controls 390x480 text1
[1A[2K[10/32] [storybook-chromium] › tests/e2e/storybook/ScannerActionCodes.spec.ts:58:9 › actual rendered QR decode, quiet geometry and usable controls 390x480 text1.25
[1A[2K[11/32] [storybook-chromium] › tests/e2e/storybook/ScannerFoundation.spec.ts:25:5 › scoped keyboard frames preserve repeats, paste provenance, invalid payloads and empty delimiters
[1A[2K[12/32] [storybook-chromium] › tests/e2e/storybook/ScannerFoundation.spec.ts:46:5 › clean-boundary pause resumes ready; partial timeout drains and never resolves the recovery read
[1A[2K[13/32] [storybook-chromium] › tests/e2e/storybook/ScannerFoundation.spec.ts:70:5 › ordinary input, IME, navigation, dialog, window blur and visibility never auto-rearm
[1A[2K[14/32] [storybook-chromium] › tests/e2e/storybook/ScannerFoundation.spec.ts:104:5 › out-of-order resolution, retry, cancellation and exit keep capture evidence and session boundaries
[1A[2K[15/32] [storybook-chromium] › tests/e2e/storybook/ScannerFoundation.spec.ts:137:5 › command and tap share semantic dispatcher, wrong kinds remain classified, capacity is explicit
[1A[2K[16/32] [storybook-chromium] › tests/e2e/storybook/ScannerFoundation.spec.ts:169:5 › page navigation never replays reads or resumes capture on browser return
[1A[2K[17/32] [storybook-chromium] › tests/e2e/storybook/ScannerFoundation.spec.ts:181:5 › nonterminating keys, modifiers and key repeat do not complete a frame
[1A[2K[18/32] [storybook-chromium] › tests/e2e/storybook/ScannerFoundation.spec.ts:203:5 › textarea and contenteditable focus pause capture while retaining ordinary editing
[1A[2K[19/32] [storybook-chromium] › tests/e2e/storybook/ScannerFoundation.spec.ts:228:5 › unknown identity, offline and timeout faults remain resolution failures without navigation or writes
[1A[2K[20/32] [storybook-chromium] › tests/e2e/storybook/ScannerFoundation.spec.ts:257:5 › full history retries the existing record; full pending queue visibly blocks until cancellation
[1A[2K[21/32] [storybook-chromium] › tests/e2e/storybook/ScannerFoundation.spec.ts:336:13 › manager proof has readable controls, scroll access and no overflow 1280x720 text 1
[1A[2K[22/32] [storybook-chromium] › tests/e2e/storybook/ScannerFoundation.spec.ts:336:13 › manager proof has readable controls, scroll access and no overflow 1280x720 text 1.25
[1A[2K[23/32] [storybook-chromium] › tests/e2e/storybook/ScannerFoundation.spec.ts:336:13 › manager proof has readable controls, scroll access and no overflow 820x900 text 1
[1A[2K[24/32] [storybook-chromium] › tests/e2e/storybook/ScannerFoundation.spec.ts:336:13 › manager proof has readable controls, scroll access and no overflow 820x900 text 1.25
[1A[2K[25/32] [storybook-chromium] › tests/e2e/storybook/ScannerFoundation.spec.ts:336:13 › manager proof has readable controls, scroll access and no overflow 390x844 text 1
[1A[2K[26/32] [storybook-chromium] › tests/e2e/storybook/ScannerFoundation.spec.ts:336:13 › manager proof has readable controls, scroll access and no overflow 390x844 text 1.25
[1A[2K[27/32] [storybook-chromium] › tests/e2e/storybook/ScannerFoundation.spec.ts:336:13 › manager proof has readable controls, scroll access and no overflow 390x480 text 1
[1A[2K[28/32] [storybook-chromium] › tests/e2e/storybook/ScannerFoundation.spec.ts:336:13 › manager proof has readable controls, scroll access and no overflow 390x480 text 1.25
[1A[2K[29/32] [storybook-chromium] › tests/e2e/storybook/ScannerFoundation.spec.ts:377:5 › same-input command cancels pending epoch and immediately captures next scan without a tap
[1A[2K[30/32] [storybook-chromium] › tests/e2e/storybook/ScannerFoundation.spec.ts:394:9 › live hidden context refuses a command even before lifecycle pause fires
[1A[2K[31/32] [storybook-chromium] › tests/e2e/storybook/ScannerFoundation.spec.ts:394:9 › live unfocused-document context refuses a command even before lifecycle pause fires
[1A[2K[32/32] [storybook-chromium] › tests/e2e/storybook/ScannerFoundation.spec.ts:394:9 › live dialog context refuses a command even before lifecycle pause fires
[1A[2K  3 failed
    [storybook-chromium] › tests/e2e/storybook/ScannerActionCodes.spec.ts:58:9 › actual rendered QR decode, quiet geometry and usable controls 820x900 text1 
    [storybook-chromium] › tests/e2e/storybook/ScannerActionCodes.spec.ts:58:9 › actual rendered QR decode, quiet geometry and usable controls 390x844 text1 
    [storybook-chromium] › tests/e2e/storybook/ScannerActionCodes.spec.ts:58:9 › actual rendered QR decode, quiet geometry and usable controls 390x844 text1.25 
  29 passed (48.1s)
