
Running 32 tests using 1 worker

[1A[2K(node:21728) Warning: The 'NO_COLOR' env is ignored due to the 'FORCE_COLOR' env being set.
(Use `node --trace-warnings ...` to show where the warning was created)


[1A[2K(node:21728) Warning: The 'NO_COLOR' env is ignored due to the 'FORCE_COLOR' env being set.
(Use `node --trace-warnings ...` to show where the warning was created)


[1A[2K[1/32] [storybook-chromium] › tests/e2e/storybook/ScannerActionCodes.spec.ts:30:5 › action QR payloads and taps share semantics; command then fixture continues without Resume
[1A[2K[2/32] [storybook-chromium] › tests/e2e/storybook/ScannerActionCodes.spec.ts:50:5 › partial interruption and dialogs still need explicit Resume and discarded recovery boundary
[1A[2K[3/32] [storybook-chromium] › tests/e2e/storybook/ScannerActionCodes.spec.ts:77:13 › actual rendered QR decode, quiet geometry and usable controls 1280x720 text1
[1A[2K[4/32] [storybook-chromium] › tests/e2e/storybook/ScannerActionCodes.spec.ts:77:13 › actual rendered QR decode, quiet geometry and usable controls 1280x720 text1.25
[1A[2K[5/32] [storybook-chromium] › tests/e2e/storybook/ScannerActionCodes.spec.ts:77:13 › actual rendered QR decode, quiet geometry and usable controls 820x900 text1
[1A[2K[6/32] [storybook-chromium] › tests/e2e/storybook/ScannerActionCodes.spec.ts:77:13 › actual rendered QR decode, quiet geometry and usable controls 820x900 text1.25
[1A[2K[7/32] [storybook-chromium] › tests/e2e/storybook/ScannerActionCodes.spec.ts:77:13 › actual rendered QR decode, quiet geometry and usable controls 390x844 text1
[1A[2K[8/32] [storybook-chromium] › tests/e2e/storybook/ScannerActionCodes.spec.ts:77:13 › actual rendered QR decode, quiet geometry and usable controls 390x844 text1.25
[1A[2K[9/32] [storybook-chromium] › tests/e2e/storybook/ScannerActionCodes.spec.ts:77:13 › actual rendered QR decode, quiet geometry and usable controls 390x480 text1
[1A[2K[10/32] [storybook-chromium] › tests/e2e/storybook/ScannerActionCodes.spec.ts:77:13 › actual rendered QR decode, quiet geometry and usable controls 390x480 text1.25
[1A[2K[11/32] [storybook-chromium] › tests/e2e/storybook/ScannerFoundation.spec.ts:25:5 › scoped keyboard frames preserve repeats, paste provenance, invalid payloads and empty delimiters
[1A[2K[12/32] [storybook-chromium] › tests/e2e/storybook/ScannerFoundation.spec.ts:46:5 › clean-boundary pause resumes ready; partial timeout drains and never resolves the recovery read
[1A[2K[13/32] [storybook-chromium] › tests/e2e/storybook/ScannerFoundation.spec.ts:70:5 › ordinary input, IME, navigation, dialog, window blur and visibility never auto-rearm
[1A[2K[14/32] [storybook-chromium] › tests/e2e/storybook/ScannerFoundation.spec.ts:104:5 › out-of-order resolution, retry, cancellation and exit keep capture evidence and session boundaries
[1A[2K[15/32] [storybook-chromium] › tests/e2e/storybook/ScannerFoundation.spec.ts:137:5 › command and tap share semantic dispatcher, wrong kinds remain classified, capacity is explicit
[1A[2K[16/32] [storybook-chromium] › tests/e2e/storybook/ScannerFoundation.spec.ts:169:5 › page navigation never replays reads or resumes capture on browser return
[1A[2K[17/32] [storybook-chromium] › tests/e2e/storybook/ScannerFoundation.spec.ts:181:5 › nonterminating keys, modifiers and key repeat do not complete a frame
[1A[2K[18/32] [storybook-chromium] › tests/e2e/storybook/ScannerFoundation.spec.ts:203:5 › textarea and contenteditable focus pause capture while retaining ordinary editing
[1A[2K[19/32] [storybook-chromium] › tests/e2e/storybook/ScannerFoundation.spec.ts:228:5 › unknown identity, offline and timeout faults remain resolution failures without navigation or writes
[1A[2K[20/32] [storybook-chromium] › tests/e2e/storybook/ScannerFoundation.spec.ts:257:5 › full history retries the existing record; full pending queue visibly blocks until cancellation
[1A[2K[21/32] [storybook-chromium] › tests/e2e/storybook/ScannerFoundation.spec.ts:336:13 › manager proof has readable controls, scroll access and no overflow 1280x720 text 1
[1A[2K[22/32] [storybook-chromium] › tests/e2e/storybook/ScannerFoundation.spec.ts:336:13 › manager proof has readable controls, scroll access and no overflow 1280x720 text 1.25
[1A[2K[23/32] [storybook-chromium] › tests/e2e/storybook/ScannerFoundation.spec.ts:336:13 › manager proof has readable controls, scroll access and no overflow 820x900 text 1
[1A[2K[24/32] [storybook-chromium] › tests/e2e/storybook/ScannerFoundation.spec.ts:336:13 › manager proof has readable controls, scroll access and no overflow 820x900 text 1.25
[1A[2K[25/32] [storybook-chromium] › tests/e2e/storybook/ScannerFoundation.spec.ts:336:13 › manager proof has readable controls, scroll access and no overflow 390x844 text 1
[1A[2K[26/32] [storybook-chromium] › tests/e2e/storybook/ScannerFoundation.spec.ts:336:13 › manager proof has readable controls, scroll access and no overflow 390x844 text 1.25
[1A[2K[27/32] [storybook-chromium] › tests/e2e/storybook/ScannerFoundation.spec.ts:336:13 › manager proof has readable controls, scroll access and no overflow 390x480 text 1
[1A[2K[28/32] [storybook-chromium] › tests/e2e/storybook/ScannerFoundation.spec.ts:336:13 › manager proof has readable controls, scroll access and no overflow 390x480 text 1.25
[1A[2K[29/32] [storybook-chromium] › tests/e2e/storybook/ScannerFoundation.spec.ts:377:5 › same-input command cancels pending epoch and immediately captures next scan without a tap
[1A[2K[30/32] [storybook-chromium] › tests/e2e/storybook/ScannerFoundation.spec.ts:394:9 › live hidden context refuses a command even before lifecycle pause fires
[1A[2K[31/32] [storybook-chromium] › tests/e2e/storybook/ScannerFoundation.spec.ts:394:9 › live unfocused-document context refuses a command even before lifecycle pause fires
[1A[2K[32/32] [storybook-chromium] › tests/e2e/storybook/ScannerFoundation.spec.ts:394:9 › live dialog context refuses a command even before lifecycle pause fires
[1A[2K  32 passed (48.6s)
