
Running 47 tests using 1 worker

[1A[2K(node:79402) Warning: The 'NO_COLOR' env is ignored due to the 'FORCE_COLOR' env being set.
(Use `node --trace-warnings ...` to show where the warning was created)


[1A[2K(node:79402) Warning: The 'NO_COLOR' env is ignored due to the 'FORCE_COLOR' env being set.
(Use `node --trace-warnings ...` to show where the warning was created)


[1A[2K[1/47] [storybook-chromium] › tests/e2e/storybook/ScannerActionCodes.spec.ts:30:5 › action QR payloads and taps share semantics; command then fixture continues without Resume
[1A[2K[2/47] [storybook-chromium] › tests/e2e/storybook/ScannerActionCodes.spec.ts:50:5 › partial interruption and dialogs still need explicit Resume and discarded recovery boundary
[1A[2K[3/47] [storybook-chromium] › tests/e2e/storybook/ScannerActionCodes.spec.ts:77:13 › actual rendered QR decode, quiet geometry and usable controls 1280x720 text1
[1A[2K[4/47] [storybook-chromium] › tests/e2e/storybook/ScannerActionCodes.spec.ts:77:13 › actual rendered QR decode, quiet geometry and usable controls 1280x720 text1.25
[1A[2K[5/47] [storybook-chromium] › tests/e2e/storybook/ScannerActionCodes.spec.ts:77:13 › actual rendered QR decode, quiet geometry and usable controls 820x900 text1
[1A[2K[6/47] [storybook-chromium] › tests/e2e/storybook/ScannerActionCodes.spec.ts:77:13 › actual rendered QR decode, quiet geometry and usable controls 820x900 text1.25
[1A[2K[7/47] [storybook-chromium] › tests/e2e/storybook/ScannerActionCodes.spec.ts:77:13 › actual rendered QR decode, quiet geometry and usable controls 390x844 text1
[1A[2K[8/47] [storybook-chromium] › tests/e2e/storybook/ScannerActionCodes.spec.ts:77:13 › actual rendered QR decode, quiet geometry and usable controls 390x844 text1.25
[1A[2K[9/47] [storybook-chromium] › tests/e2e/storybook/ScannerActionCodes.spec.ts:77:13 › actual rendered QR decode, quiet geometry and usable controls 390x480 text1
[1A[2K[10/47] [storybook-chromium] › tests/e2e/storybook/ScannerActionCodes.spec.ts:77:13 › actual rendered QR decode, quiet geometry and usable controls 390x480 text1.25
[1A[2K[11/47] [storybook-chromium] › tests/e2e/storybook/ScannerActionCodes.spec.ts:146:5 › mobile capture opts out of text transformation and explains uppercase rejection without normalization
[1A[2K[12/47] [storybook-chromium] › tests/e2e/storybook/ScannerActionCodes.spec.ts:169:5 › fixed capture field keeps code browsing stable during keystrokes and never steals editing focus
[1A[2K[13/47] [storybook-chromium] › tests/e2e/storybook/ScannerActionCodes.spec.ts:202:5 › raw rejected text is escaped and timeout recovery reason stays visible
[1A[2K[14/47] [storybook-chromium] › tests/e2e/storybook/ScannerActionCodes.spec.ts:215:9 › standalone short-phone viewport keeps dock anchored and complete QR visible text1
[1A[2K[15/47] [storybook-chromium] › tests/e2e/storybook/ScannerActionCodes.spec.ts:215:9 › standalone short-phone viewport keeps dock anchored and complete QR visible text1.25
[1A[2K[16/47] [storybook-chromium] › tests/e2e/storybook/ScannerFoundation.spec.ts:25:5 › scoped keyboard frames preserve repeats, paste provenance, invalid payloads and empty delimiters
[1A[2K[17/47] [storybook-chromium] › tests/e2e/storybook/ScannerFoundation.spec.ts:46:5 › clean-boundary pause resumes ready; partial timeout drains and never resolves the recovery read
[1A[2K[18/47] [storybook-chromium] › tests/e2e/storybook/ScannerFoundation.spec.ts:70:5 › ordinary input, IME, navigation, dialog, window blur and visibility never auto-rearm
[1A[2K[19/47] [storybook-chromium] › tests/e2e/storybook/ScannerFoundation.spec.ts:104:5 › out-of-order resolution, retry, cancellation and exit keep capture evidence and session boundaries
[1A[2K[20/47] [storybook-chromium] › tests/e2e/storybook/ScannerFoundation.spec.ts:137:5 › command and tap share semantic dispatcher, wrong kinds remain classified, capacity is explicit
[1A[2K[21/47] [storybook-chromium] › tests/e2e/storybook/ScannerFoundation.spec.ts:169:5 › page navigation never replays reads or resumes capture on browser return
[1A[2K[22/47] [storybook-chromium] › tests/e2e/storybook/ScannerFoundation.spec.ts:181:5 › nonterminating keys, modifiers and key repeat do not complete a frame
[1A[2K[23/47] [storybook-chromium] › tests/e2e/storybook/ScannerFoundation.spec.ts:203:5 › textarea and contenteditable focus pause capture while retaining ordinary editing
[1A[2K[24/47] [storybook-chromium] › tests/e2e/storybook/ScannerFoundation.spec.ts:228:5 › unknown identity, offline and timeout faults remain resolution failures without navigation or writes
[1A[2K[25/47] [storybook-chromium] › tests/e2e/storybook/ScannerFoundation.spec.ts:257:5 › full history retries the existing record; full pending queue visibly blocks until cancellation
[1A[2K[26/47] [storybook-chromium] › tests/e2e/storybook/ScannerFoundation.spec.ts:336:13 › manager proof has readable controls, scroll access and no overflow 1280x720 text 1
[1A[2K[27/47] [storybook-chromium] › tests/e2e/storybook/ScannerFoundation.spec.ts:336:13 › manager proof has readable controls, scroll access and no overflow 1280x720 text 1.25
[1A[2K[28/47] [storybook-chromium] › tests/e2e/storybook/ScannerFoundation.spec.ts:336:13 › manager proof has readable controls, scroll access and no overflow 820x900 text 1
[1A[2K[29/47] [storybook-chromium] › tests/e2e/storybook/ScannerFoundation.spec.ts:336:13 › manager proof has readable controls, scroll access and no overflow 820x900 text 1.25
[1A[2K[30/47] [storybook-chromium] › tests/e2e/storybook/ScannerFoundation.spec.ts:336:13 › manager proof has readable controls, scroll access and no overflow 390x844 text 1
[1A[2K[31/47] [storybook-chromium] › tests/e2e/storybook/ScannerFoundation.spec.ts:336:13 › manager proof has readable controls, scroll access and no overflow 390x844 text 1.25
[1A[2K[32/47] [storybook-chromium] › tests/e2e/storybook/ScannerFoundation.spec.ts:336:13 › manager proof has readable controls, scroll access and no overflow 390x480 text 1
[1A[2K[33/47] [storybook-chromium] › tests/e2e/storybook/ScannerFoundation.spec.ts:336:13 › manager proof has readable controls, scroll access and no overflow 390x480 text 1.25
[1A[2K[34/47] [storybook-chromium] › tests/e2e/storybook/ScannerFoundation.spec.ts:377:5 › same-input command cancels pending epoch and immediately captures next scan without a tap
[1A[2K[35/47] [storybook-chromium] › tests/e2e/storybook/ScannerFoundation.spec.ts:394:9 › live hidden context refuses a command even before lifecycle pause fires
[1A[2K[36/47] [storybook-chromium] › tests/e2e/storybook/ScannerFoundation.spec.ts:394:9 › live unfocused-document context refuses a command even before lifecycle pause fires
[1A[2K[37/47] [storybook-chromium] › tests/e2e/storybook/ScannerFoundation.spec.ts:394:9 › live dialog context refuses a command even before lifecycle pause fires
[1A[2K[38/47] [storybook-chromium] › tests/e2e/storybook/ScannerMoveSimulation.spec.ts:21:5 › destination-first moves, visible duplicate no-op and product rejection with raw zeros
[1A[2K[39/47] [storybook-chromium] › tests/e2e/storybook/ScannerMoveSimulation.spec.ts:36:5 › delayed item is cancelled by new destination and Pause; manual editing remains ordinary
[1A[2K[40/47] [storybook-chromium] › tests/e2e/storybook/ScannerMoveSimulation.spec.ts:58:9 › viewport dock and every QR pixels 1280x720 text 1
[1A[2K[41/47] [storybook-chromium] › tests/e2e/storybook/ScannerMoveSimulation.spec.ts:58:9 › viewport dock and every QR pixels 1280x720 text 1.25
[1A[2K[42/47] [storybook-chromium] › tests/e2e/storybook/ScannerMoveSimulation.spec.ts:58:9 › viewport dock and every QR pixels 820x900 text 1
[1A[2K  1) [storybook-chromium] › tests/e2e/storybook/ScannerMoveSimulation.spec.ts:58:9 › viewport dock and every QR pixels 820x900 text 1 

    Error: [2mexpect([22m[31mreceived[39m[2m).[22mtoEqual[2m([22m[32mexpected[39m[2m) // deep equality[22m

    [32m- Expected  - 3[39m
    [31m+ Received  + 3[39m

    [2m  Array [[22m
    [32m-   255,[39m
    [32m-   255,[39m
    [32m-   255,[39m
    [31m+   100,[39m
    [31m+   116,[39m
    [31m+   139,[39m
    [2m  ][22m

      73 |             const qr = jsQR(new Uint8ClampedArray(data),info.width,info.height);
      74 |             expect(qr?.data).toBe(await image.getAttribute('data-payload'));
    > 75 |             for(const index of [0,(info.width-1)*4,(info.height-1)*info.width*4]) expect(Array.from(data.subarray(index,index+3))).toEqual([255,255,255]);
         |                                                                                                                                    ^
      76 |         }
      77 |         const overflow = await f.locator('html').evaluate(el=>el.scrollWidth > el.clientWidth);
      78 |         expect(overflow).toBe(false);
        at /Volumes/Expansion/workspace/inventory-scanner-move-simulation/tests/e2e/storybook/ScannerMoveSimulation.spec.ts:75:132

    attachment #1: screenshot (image/png) ──────────────────────────────────────────────────────────
    test-results/storybook-ScannerMoveSimul-951ff-ry-QR-pixels-820x900-text-1-storybook-chromium/test-failed-1.png
    ────────────────────────────────────────────────────────────────────────────────────────────────

    attachment #2: video (video/webm) ──────────────────────────────────────────────────────────────
    test-results/storybook-ScannerMoveSimul-951ff-ry-QR-pixels-820x900-text-1-storybook-chromium/video.webm
    ────────────────────────────────────────────────────────────────────────────────────────────────

    Error Context: test-results/storybook-ScannerMoveSimul-951ff-ry-QR-pixels-820x900-text-1-storybook-chromium/error-context.md


[1A[2K(node:79837) Warning: The 'NO_COLOR' env is ignored due to the 'FORCE_COLOR' env being set.
(Use `node --trace-warnings ...` to show where the warning was created)


[1A[2K(node:79837) Warning: The 'NO_COLOR' env is ignored due to the 'FORCE_COLOR' env being set.
(Use `node --trace-warnings ...` to show where the warning was created)


[1A[2K[43/47] [storybook-chromium] › tests/e2e/storybook/ScannerMoveSimulation.spec.ts:58:9 › viewport dock and every QR pixels 820x900 text 1.25
[1A[2K[44/47] [storybook-chromium] › tests/e2e/storybook/ScannerMoveSimulation.spec.ts:58:9 › viewport dock and every QR pixels 390x844 text 1
[1A[2K  2) [storybook-chromium] › tests/e2e/storybook/ScannerMoveSimulation.spec.ts:58:9 › viewport dock and every QR pixels 390x844 text 1 

    Error: [2mexpect([22m[31mreceived[39m[2m).[22mtoEqual[2m([22m[32mexpected[39m[2m) // deep equality[22m

    [32m- Expected  - 3[39m
    [31m+ Received  + 3[39m

    [2m  Array [[22m
    [32m-   255,[39m
    [32m-   255,[39m
    [32m-   255,[39m
    [31m+   100,[39m
    [31m+   116,[39m
    [31m+   139,[39m
    [2m  ][22m

      73 |             const qr = jsQR(new Uint8ClampedArray(data),info.width,info.height);
      74 |             expect(qr?.data).toBe(await image.getAttribute('data-payload'));
    > 75 |             for(const index of [0,(info.width-1)*4,(info.height-1)*info.width*4]) expect(Array.from(data.subarray(index,index+3))).toEqual([255,255,255]);
         |                                                                                                                                    ^
      76 |         }
      77 |         const overflow = await f.locator('html').evaluate(el=>el.scrollWidth > el.clientWidth);
      78 |         expect(overflow).toBe(false);
        at /Volumes/Expansion/workspace/inventory-scanner-move-simulation/tests/e2e/storybook/ScannerMoveSimulation.spec.ts:75:132

    attachment #1: screenshot (image/png) ──────────────────────────────────────────────────────────
    test-results/storybook-ScannerMoveSimul-9cc9a-ry-QR-pixels-390x844-text-1-storybook-chromium/test-failed-1.png
    ────────────────────────────────────────────────────────────────────────────────────────────────

    attachment #2: video (video/webm) ──────────────────────────────────────────────────────────────
    test-results/storybook-ScannerMoveSimul-9cc9a-ry-QR-pixels-390x844-text-1-storybook-chromium/video.webm
    ────────────────────────────────────────────────────────────────────────────────────────────────

    Error Context: test-results/storybook-ScannerMoveSimul-9cc9a-ry-QR-pixels-390x844-text-1-storybook-chromium/error-context.md


[1A[2K(node:79852) Warning: The 'NO_COLOR' env is ignored due to the 'FORCE_COLOR' env being set.
(Use `node --trace-warnings ...` to show where the warning was created)


[1A[2K(node:79852) Warning: The 'NO_COLOR' env is ignored due to the 'FORCE_COLOR' env being set.
(Use `node --trace-warnings ...` to show where the warning was created)


[1A[2K[45/47] [storybook-chromium] › tests/e2e/storybook/ScannerMoveSimulation.spec.ts:58:9 › viewport dock and every QR pixels 390x844 text 1.25
[1A[2K[46/47] [storybook-chromium] › tests/e2e/storybook/ScannerMoveSimulation.spec.ts:58:9 › viewport dock and every QR pixels 390x480 text 1
[1A[2K[47/47] [storybook-chromium] › tests/e2e/storybook/ScannerMoveSimulation.spec.ts:58:9 › viewport dock and every QR pixels 390x480 text 1.25
[1A[2K  2 failed
    [storybook-chromium] › tests/e2e/storybook/ScannerMoveSimulation.spec.ts:58:9 › viewport dock and every QR pixels 820x900 text 1 
    [storybook-chromium] › tests/e2e/storybook/ScannerMoveSimulation.spec.ts:58:9 › viewport dock and every QR pixels 390x844 text 1 
  45 passed (1.4m)
